// Jest Snapshot v1, https://goo.gl/fbAQLP

exports[`should render Dashboard Expense Page correctly 1`] = `
<div>
  <[object Object] />
  <[object Object] />
  <[object Object] />
</div>
`;
