// Jest Snapshot v1, https://goo.gl/fbAQLP

exports[`should render Expense List Item with expenses 1`] = `
<[object Object]
  className="list-item"
  to="/edit/01"
>
  <div>
    <h3
      className="list-item__title"
    >
      Delphini perfume
    </h3>
    <span
      className="list-item__subtitle"
    >
      January 1st, 1970
    </span>
  </div>
  <h3
    className="list-item__data"
  >
     
    â‚¹10.00
     
  </h3>
</[object Object]>
`;
